*****************************************************************
      SolidWorks Corporation - IGES Processor Status Report
*****************************************************************
=================================================================
General Information
=================================================================
Sending System Product I.D.  : L16-XX_10500_SW0002
Receiving System Product I.D.: L16-XX_10500_SW0002
File Name                    : L16_50mm.igs
Sending System               : Pro/ENGINEER by Parametric Technology Corporation
Preprocessor Version         : 2004440
File Creation Date           : 100521.135657
Model Creation Date          : 100521.135657
Units                        : MM
Model Space Scale            : 1
Author                       : user
Organization                 : Unknown


=================================================================
Entity Processing Information
=================================================================


=================================================================
Precision analysis of IGES file:
=================================================================
  Most prevalent number of significant digits:              13
  Highest number of significant digits:                     13
  Average number of significant digits:                8.04883
  Maximum distance to origin:                          76.3599
  Minimum distance to origin:                            0.052
  Effective number of significant digits:              12.9994


=================================================================
Entity Summary
=================================================================
-----------------------------------------------------------------
Type Name                                         Count Converted
---- ----                                         ----- ---------
100  Arc                                            348       348
104  Conic arc                                        5         5
110  Line                                          1010      1010
120  Surface of revolution                          170       170
124  Transformation matrix                          353       353
126  Rational B-spline curve                         51        51
128  Rational B-spline surface                      260       260
186  Manifold Solid B-rep Object                      1         1
314  Color definition                               106       106
502  Vertex list                                      2         2
504  Edge entity                                      2         2
508  Loop entity                                    462       462
510  Face entity                                    430       430
514  Shell entity                                     2         2
_________________________________________________________________


=================================================================
Result Summary
=================================================================
SolidWorks Feature Type                Count
-----------------------                -----
Solid feature(s)                       1
Surface feature(s)                     0
Curve/Sketch feature(s)                0
--------------------------------------------
Start time: Thursday, October 11, 2012 21:36:02
Finish time: Thursday, October 11, 2012 21:36:10
Processing time: 0 days, 00 hours, 00 mins, 08 secs
